================================================================================
HexMarksTheSpot - Parse Log
================================================================================
File: C:/Users/AdrianKydlandSkaftun/GitRoot/HexMarksTheSpot/TestFiles/tesjpg.jpg
Parsed: 2026-02-17 10:38:59
================================================================================

Index    | From:To              | Field Name                     | Value
---------+----------------------+--------------------------------+-----------------------------------------
0        | 0x0000:0x0001        | StartOfImage                   | 
1        | 0x0002:0x0003        |   SOI_Marker                   | ffd8
2        | 0x0004:0x0015        | APP0_Segment                   | 
3        | 0x0016:0x0017        |   APP0_Marker                  | ffe0
4        | 0x0018:0x0019        |   APP0_Length                  | 16
5        | 0x001A:0x001E        |   Identifier                   | JFIF
6        | 0x001F:0x001F        |   Version_Major                | 1
7        | 0x0020:0x0020        |   Version_Minor                | 1
8        | 0x0021:0x0021        |   DensityUnits                 | 1
9        | 0x0022:0x0023        |   Xdensity                     | 288
10       | 0x0024:0x0025        |   Ydensity                     | 288
11       | 0x0026:0x0026        |   Xthumbnail                   | 0
12       | 0x0027:0x0027        |   Ythumbnail                   | 0
13       | 0x0028:0x5421        | RemainingData                  | ffdb0043000201010201010202020202020202030503030...

================================================================================
End of parse log
